// Jest Snapshot v1, https://goo.gl/fbAQLP

exports[`Form renders 1`] = `
<div>
  <form>
    <div
      class="chakra-form-control css-164r41r"
      role="group"
    >
      <label
        class="chakra-form__label css-uvho5g"
        for="email"
        id="field-:r0:-label"
      >
        Email
      </label>
      <input
        aria-label="Email input"
        class="chakra-input css-0"
        id="email"
        name="email"
        placeholder="Enter your email"
        value=""
      />
    </div>
    <div
      class="chakra-stack css-nzla2i"
    >
      <button
        class="chakra-button css-a0tdue"
        type="submit"
      >
        Request password reset
      </button>
    </div>
  </form>
</div>
`;
