// Jest Snapshot v1, https://goo.gl/fbAQLP

exports[`EmailConfirmation renders 1`] = `
<div>
  <div
    class="css-0"
  >
    <div
      class="css-1wiwcvy"
    >
      <div
        class="css-1ryq4o3"
      >
        <div
          class="css-1yfye7s"
        >
          <div
            class="chakra-spinner css-1y7joxr"
          >
            <span
              class="css-f8n5zr"
            >
              Loading...
            </span>
          </div>
        </div>
      </div>
    </div>
    <div
      class="css-l5skqa"
    >
      <div
        class="css-18hh56p"
      >
        <div
          class="chakra-stack css-1o71ot0"
        >
          <a
            class="chakra-link css-epvm6"
            href="https://github.com/soul-project/login-portal"
            target="_blank"
          >
            Github
          </a>
          <a
            class="chakra-link css-epvm6"
            href="https://github.com/soul-project/soul"
            target="_blank"
          >
            Soul Network's Github
          </a>
          <a
            class="chakra-link css-epvm6"
            href="mailto:lws803@gmail.com"
            target="_blank"
          >
            Contact me
          </a>
        </div>
        <p
          class="chakra-text css-1es5q94"
        >
          Copyright Â© 
          2022
           Soul Network.
        </p>
      </div>
    </div>
  </div>
</div>
`;
