// Jest Snapshot v1, https://goo.gl/fbAQLP

exports[`Login renders 1`] = `
<div>
  <div
    class="css-0"
  >
    <div
      class="css-1wiwcvy"
    >
      <div
        class="css-1ryq4o3"
      >
        <div
          class="css-1yjvs5a"
        >
          <p
            class="chakra-text css-odt1ir"
          >
            Login to your account
          </p>
          <div
            class="css-164r41r"
          >
            <p
              class="chakra-text css-0"
            >
              Not a member yet?
               
              <a
                class="chakra-link css-0"
                href="/register/?client_id=1&redirect_uri=https://www.example.com&state=STATE&code_challenge=CODE_CHALLENGE"
              >
                <strong>
                  Register now
                </strong>
              </a>
            </p>
          </div>
        </div>
        <form
          action="#"
        >
          <div
            class="chakra-form-control css-0"
            role="group"
          >
            <label
              class="chakra-form__label css-uvho5g"
              for="email"
              id="field-:r0:-label"
            >
              Email
            </label>
            <input
              aria-label="Email input"
              class="chakra-input css-0"
              id="field-:r0:"
              name="email"
              placeholder="Your email"
              value=""
            />
          </div>
          <div
            class="chakra-form-control css-164r41r"
            role="group"
          >
            <label
              class="chakra-form__label css-uvho5g"
              for="password"
              id="field-:r1:-label"
            >
              Password
            </label>
            <input
              aria-describedby="field-:r1:-helptext"
              aria-label="Password input"
              class="chakra-input css-0"
              id="field-:r1:"
              name="password"
              placeholder="Your password"
              type="password"
              value=""
            />
            <div
              class="chakra-form__helper-text css-0"
              id="field-:r1:-helptext"
            >
              <a
                class="chakra-link css-0"
                href="/request-password-reset"
                target="_blank"
              >
                Forgot password?
              </a>
            </div>
          </div>
          <div
            class="css-164r41r"
          >
            <button
              class="css-y6mgpv"
              type="submit"
            >
              <div
                class="css-tkevr6"
              >
                Login
              </div>
            </button>
          </div>
          <div
            class="css-19ug521"
          >
            <a
              class="chakra-link css-0"
              href="/request-email-verification"
              target="_blank"
            >
              Resend email verification
            </a>
          </div>
        </form>
      </div>
    </div>
    <div
      class="css-l5skqa"
    >
      <div
        class="css-18hh56p"
      >
        <div
          class="chakra-stack css-kaqv72"
        >
          <a
            class="chakra-link css-epvm6"
            href="https://api.soul-network.com/docs"
            target="_blank"
          >
            API Docs
          </a>
          <a
            class="chakra-link css-epvm6"
            href="https://status.soul-network.com"
            target="_blank"
          >
            Status
          </a>
          <a
            class="chakra-link css-epvm6"
            href="https://github.com/soul-project"
            target="_blank"
          >
            Soul's organization Github
          </a>
          <a
            class="chakra-link css-epvm6"
            href="https://discord.gg/kuGNRembKZ"
            target="_blank"
          >
            Discord server
          </a>
          <a
            class="chakra-link css-epvm6"
            href="mailto:lws803@gmail.com"
            target="_blank"
          >
            Contact me
          </a>
        </div>
        <p
          class="chakra-text css-1jtq35w"
        >
          Copyright Â© 
          2022
           Soul.
        </p>
      </div>
    </div>
  </div>
</div>
`;
