// Jest Snapshot v1, https://goo.gl/fbAQLP

exports[`RequestPasswordReset renders 1`] = `
<div>
  <div
    class="css-gmuwbf"
  >
    <div
      class="css-3qxem8"
    >
      <form>
        <div
          class="chakra-form-control css-164r41r"
          role="group"
        >
          <label
            class="chakra-form__label css-uvho5g"
            for="email"
            id="field-1-label"
          >
            Email
          </label>
          <input
            aria-label="Email input"
            class="chakra-input css-0"
            id="email"
            name="email"
            value=""
          />
        </div>
        <div
          class="chakra-stack css-nzla2i"
        >
          <button
            class="chakra-button css-uxt1e8"
            type="submit"
          >
            Request password reset
          </button>
        </div>
      </form>
    </div>
  </div>
</div>
`;
