// Jest Snapshot v1, https://goo.gl/fbAQLP

exports[`ResetPassword renders 1`] = `
<div>
  <div
    class="css-0"
  >
    <div
      class="css-1wiwcvy"
    >
      <div
        class="css-1ryq4o3"
      >
        <div
          class="css-1yjvs5a"
        >
          <p
            class="chakra-text css-odt1ir"
          >
            Reset new password
          </p>
          <div
            class="css-164r41r"
          />
        </div>
        <form
          action="#"
        >
          <div
            class="chakra-form-control css-0"
            role="group"
          >
            <label
              class="chakra-form__label css-uvho5g"
              for="password"
              id="field-:r0:-label"
            >
              Password
            </label>
            <input
              aria-label="Password input"
              class="chakra-input css-0"
              id="field-:r0:"
              name="password"
              placeholder="Enter your new password"
              type="password"
              value=""
            />
          </div>
          <div
            class="chakra-stack css-nzla2i"
          >
            <button
              class="chakra-button css-1k6167g"
              type="submit"
            >
              Reset password
            </button>
          </div>
        </form>
      </div>
    </div>
    <div
      class="css-l5skqa"
    >
      <div
        class="css-18hh56p"
      >
        <div
          class="chakra-stack css-kaqv72"
        >
          <a
            class="chakra-link css-epvm6"
            href="https://api.soul-network.com/docs"
            target="_blank"
          >
            API Docs
          </a>
          <a
            class="chakra-link css-epvm6"
            href="https://status.soul-network.com"
            target="_blank"
          >
            Status
          </a>
          <a
            class="chakra-link css-epvm6"
            href="https://github.com/soul-project"
            target="_blank"
          >
            Soul's organization Github
          </a>
          <a
            class="chakra-link css-epvm6"
            href="https://discord.gg/kuGNRembKZ"
            target="_blank"
          >
            Discord server
          </a>
          <a
            class="chakra-link css-epvm6"
            href="mailto:lws803@gmail.com"
            target="_blank"
          >
            Contact me
          </a>
        </div>
        <p
          class="chakra-text css-1m360k3"
        >
          Copyright Â© 
          2022
           Soul.
        </p>
      </div>
    </div>
  </div>
</div>
`;
