// Jest Snapshot v1, https://goo.gl/fbAQLP

exports[`ResetPassword renders 1`] = `
<div>
  <div
    class="css-y1gt6f"
  >
    <div
      class="css-gmuwbf"
    >
      <div
        class="css-3qxem8"
      >
        <form>
          <div
            class="chakra-form-control css-0"
            role="group"
          >
            <label
              class="chakra-form__label css-uvho5g"
              for="password"
              id="field-1-label"
            >
              Password
            </label>
            <input
              aria-label="Password input"
              class="chakra-input css-0"
              id="password"
              name="password"
              placeholder="Enter your new password"
              type="password"
              value=""
            />
          </div>
          <div
            class="chakra-stack css-nzla2i"
          >
            <button
              class="chakra-button css-a0tdue"
              type="submit"
            >
              Reset password
            </button>
          </div>
        </form>
        <div
          class="chakra-stack css-untcqu"
        />
      </div>
    </div>
    <div
      class="css-gmuwbf"
    >
      <div
        class="chakra-stack css-esy13k"
      >
        <a
          class="chakra-link css-epvm6"
          href="https://github.com/soul-project/login-portal"
          target="_blank"
        >
          Github
        </a>
        <a
          class="chakra-link css-epvm6"
          href="https://github.com/soul-project/soul"
          target="_blank"
        >
          Soul Network's Github
        </a>
        <a
          class="chakra-link css-epvm6"
          href="mailto:lws803@gmail.com"
          target="_blank"
        >
          Contact me
        </a>
      </div>
    </div>
  </div>
</div>
`;
