// Jest Snapshot v1, https://goo.gl/fbAQLP

exports[`FancyButton renders 1`] = `
<div>
  <button
    class="css-y6mgpv"
  >
    <div
      class="css-tkevr6"
    >
      Button
    </div>
  </button>
</div>
`;
