// Jest Snapshot v1, https://goo.gl/fbAQLP

exports[`Page renders 1`] = `
<div>
  <div
    class="css-0"
  >
    <div
      class="css-1wiwcvy"
    >
      <div
        class="css-1ryq4o3"
      >
        TITLE
        <p>
          TEST
        </p>
      </div>
    </div>
    <div
      class="css-l5skqa"
    >
      <div
        class="css-18hh56p"
      >
        <div
          class="chakra-stack css-1o71ot0"
        >
          <a
            class="chakra-link css-epvm6"
            href="https://api.soul-network.com/docs"
            target="_blank"
          >
            API Docs
          </a>
          <a
            class="chakra-link css-epvm6"
            href="https://github.com/soul-project"
            target="_blank"
          >
            Soul's organization Github
          </a>
          <a
            class="chakra-link css-epvm6"
            href="mailto:lws803@gmail.com"
            target="_blank"
          >
            Contact me
          </a>
        </div>
        <p
          class="chakra-text css-1m360k3"
        >
          Copyright Â© 
          2022
           Soul.
        </p>
      </div>
    </div>
  </div>
</div>
`;
