// Jest Snapshot v1, https://goo.gl/fbAQLP

exports[`Status renders 1`] = `
<div>
  <div
    class="chakra-alert css-uxjdv3"
    role="alert"
  >
    <span
      class="chakra-alert__icon css-nx3xxu"
    >
      <svg
        class="chakra-icon css-fi0ww0"
        focusable="false"
        viewBox="0 0 24 24"
      >
        <path
          d="M12,0A12,12,0,1,0,24,12,12.014,12.014,0,0,0,12,0Zm6.927,8.2-6.845,9.289a1.011,1.011,0,0,1-1.43.188L5.764,13.769a1,1,0,1,1,1.25-1.562l4.076,3.261,6.227-8.451A1,1,0,1,1,18.927,8.2Z"
          fill="currentColor"
        />
      </svg>
    </span>
    <div
      class="chakra-alert__title css-wrynpv"
    >
      STATUS
    </div>
    <div
      class="chakra-alert__desc css-1w05py7"
    >
      MESSAGE
    </div>
  </div>
</div>
`;
