// Jest Snapshot v1, https://goo.gl/fbAQLP

exports[`Title renders 1`] = `
<div>
  <div
    class="css-1yjvs5a"
  >
    <p
      class="chakra-text css-odt1ir"
    >
      Title
    </p>
    <div
      class="css-164r41r"
    >
      Sub title
    </div>
  </div>
</div>
`;
