// Jest Snapshot v1, https://goo.gl/fbAQLP

exports[`Form renders 1`] = `
<div>
  <form>
    <div
      class="chakra-form-control css-0"
      role="group"
    >
      <label
        class="chakra-form__label css-uvho5g"
        for="email"
        id="field-1-label"
      >
        Email
      </label>
      <input
        aria-label="Email input"
        class="chakra-input css-0"
        id="email"
        name="email"
        placeholder="Your email"
        value=""
      />
    </div>
    <div
      class="chakra-form-control css-164r41r"
      role="group"
    >
      <label
        class="chakra-form__label css-uvho5g"
        for="password"
        id="field-2-label"
      >
        Password
      </label>
      <input
        aria-describedby="field-2-helptext"
        aria-label="Password input"
        class="chakra-input css-0"
        id="password"
        name="password"
        placeholder="Your password"
        type="password"
        value=""
      />
      <div
        class="chakra-form__helper-text css-0"
        id="field-2-helptext"
      >
        <a
          class="chakra-link css-0"
          href="/request-password-reset"
        >
          Forgot password?
        </a>
      </div>
    </div>
    <div
      class="css-164r41r"
    >
      <button
        class="css-y6mgpv"
        type="submit"
      >
        <div
          class="css-tkevr6"
        >
          Login
        </div>
      </button>
    </div>
  </form>
  <div
    class="css-19ug521"
  >
    <a
      class="chakra-link css-0"
      href="/request-email-verification"
    >
      Resend email verification
    </a>
  </div>
</div>
`;
