// Jest Snapshot v1, https://goo.gl/fbAQLP

exports[`JoinPlatform renders 1`] = `
<div>
  <div
    class="css-1lads1q"
  >
    <button
      aria-label="Join platform button"
      class="chakra-button css-5c2176"
      type="button"
    >
      Join Platform!
    </button>
  </div>
</div>
`;
